 Fermi distribution function

Calculation with static geometry


********************************************************************************
 iSCC Total electronic   Diff electronic      SCC error    
   10   -0.51713385E+01   -0.26558311E-10    0.33809484E-05
********************************************************************************

 Total charge:    -0.00000000

 Atomic gross charges (e)
 Atom           Charge
    1      -0.16031580
    2      -0.27061777
    3       0.07248216
    4       0.07248216
    5       0.10233136
    6       0.10233136
    7       0.08130653

Nr. of electrons (up):      7.00000000
Atom populations (up)
 Atom       Population
    1       2.04535842
    2       2.66292384
    3       0.47464652
    4       0.47464652
    5       0.42030116
    6       0.42030116
    7       0.50182238

l-shell populations (up)
 Atom Sh.   l       Population
    1   1   0       0.61871269
    1   2   1       1.42664574
    2   1   0       0.68719480
    2   2   1       1.97572904
    3   1   0       0.47464652
    4   1   0       0.47464652
    5   1   0       0.42030116
    6   1   0       0.42030116
    7   1   0       0.50182238

Orbital populations (up)
 Atom Sh.   l   m       Population  Label
    1   1   0   0       0.61871269  s
    1   2   1  -1       0.48936983  p_y
    1   2   1   0       0.45870320  p_z
    1   2   1   1       0.47857271  p_x
    2   1   0   0       0.68719480  s
    2   2   1  -1       0.51358309  p_y
    2   2   1   0       0.50183527  p_z
    2   2   1   1       0.96031067  p_x
    3   1   0   0       0.47464652  s
    4   1   0   0       0.47464652  s
    5   1   0   0       0.42030116  s
    6   1   0   0       0.42030116  s
    7   1   0   0       0.50182238  s

Nr. of electrons (down):      6.00000000
Atom populations (down)
 Atom       Population
    1       2.11495738
    2       1.60769393
    3       0.45287132
    4       0.45287132
    5       0.47736748
    6       0.47736748
    7       0.41687109

l-shell populations (down)
 Atom Sh.   l       Population
    1   1   0       0.63741008
    1   2   1       1.47754729
    2   1   0       0.63124631
    2   2   1       0.97644762
    3   1   0       0.45287132
    4   1   0       0.45287132
    5   1   0       0.47736748
    6   1   0       0.47736748
    7   1   0       0.41687109

Orbital populations (down)
 Atom Sh.   l   m       Population  Label
    1   1   0   0       0.63741008  s
    1   2   1  -1       0.49717415  p_y
    1   2   1   0       0.49077738  p_z
    1   2   1   1       0.48959576  p_x
    2   1   0   0       0.63124631  s
    2   2   1  -1       0.45498537  p_y
    2   2   1   0       0.43602458  p_z
    2   2   1   1       0.08543766  p_x
    3   1   0   0       0.45287132  s
    4   1   0   0       0.45287132  s
    5   1   0   0       0.47736748  s
    6   1   0   0       0.47736748  s
    7   1   0   0       0.41687109  s

Spin  up
Fermi level:                         0.0608678988 H            1.6563 eV
Band energy:                        -2.6480368586 H          -72.0567 eV
TS:                                  0.0000000000 H            0.0000 eV
Band free energy (E-TS):            -2.6480368586 H          -72.0567 eV
Extrapolated E(0K):                 -2.6480368586 H          -72.0567 eV
Input / Output electrons (up):      7.0000000000      7.0000000000

Spin  down
Fermi level:                        -0.2123600020 H           -5.7786 eV
Band energy:                        -2.3889544438 H          -65.0068 eV
TS:                                  0.0000000000 H            0.0000 eV
Band free energy (E-TS):            -2.3889544438 H          -65.0068 eV
Extrapolated E(0K):                 -2.3889544438 H          -65.0068 eV
Input / Output electrons (down):      6.0000000000      6.0000000000

Energy H0:                          -5.1603938464 H         -140.4215 eV
Energy SCC:                          0.0030683324 H            0.0835 eV
Energy SPIN:                        -0.0135171264 H           -0.3678 eV
Energy 3rd:                         -0.0004958115 H           -0.0135 eV
Total Electronic energy:            -5.1713384519 H         -140.7193 eV
Repulsive energy:                   -0.0663657824 H           -1.8059 eV
Total energy:                       -5.2377042343 H         -142.5252 eV
Extrapolated to 0:                  -5.2377042343 H         -142.5252 eV
Total Mermin free energy:           -5.2377042343 H         -142.5252 eV
Force related energy:               -5.2377042343 H         -142.5252 eV

SCC converged

Total Forces
    1      0.002256472358      0.000000000000      0.005196188574
    2      0.000099934541     -0.000000000000     -0.003636908723
    3     -0.000333766383     -0.000566180903     -0.000156460925
    4     -0.000333766383      0.000566180903     -0.000156460925
    5     -0.000337692160      0.000468775795     -0.000274876275
    6     -0.000337692160     -0.000468775795     -0.000274876275
    7     -0.001013489814      0.000000000000     -0.000696605449

Maximal derivative component:        0.519619E-02 au

Dipole moment:    0.09856679   -0.00000000    0.13033637 au
Dipole moment:    0.25053182   -0.00000000    0.33128202 Debye


