# name: test_annotate
  dict({
    'annotations': list([
      dict({
        'concept_id': 'UMLS:C5203670',
        'concept_name': 'COVID-19',
        'concept_type': 'Medical Conditions',
        'pos_end': 12,
        'pos_start': 4,
        'score_id': 0.9997,
        'score_type': 0.9999,
        'text': 'COVID-19',
      }),
      dict({
        'concept_id': 'UMLS:C1615608',
        'concept_name': 'Pandemics',
        'concept_type': 'Anatomy & Physiology',
        'pos_end': 21,
        'pos_start': 13,
        'score_id': 0.9998,
        'score_type': 0.9993,
        'text': 'pandemic',
      }),
      dict({
        'concept_id': 'UMLS:C0008059',
        'concept_name': 'Child',
        'concept_type': 'Context',
        'pos_end': 81,
        'pos_start': 73,
        'score_id': 0.8162,
        'score_type': 0.8118,
        'text': 'children',
      }),
      dict({
        'concept_id': 'UMLS:C0001779',
        'concept_name': 'Age',
        'concept_type': 'Anatomy & Physiology',
        'pos_end': 90,
        'pos_start': 87,
        'score_id': 0.9999,
        'score_type': 0.9999,
        'text': 'Age',
      }),
      dict({
        'concept_id': 'UMLS:C0008059',
        'concept_name': 'Child',
        'concept_type': 'Context',
        'pos_end': 151,
        'pos_start': 143,
        'score_id': 0.8046,
        'score_type': 0.7968,
        'text': 'children',
      }),
      dict({
        'concept_id': 'UMLS:C0009450',
        'concept_name': 'Communicable Diseases',
        'concept_type': 'Medical Conditions',
        'pos_end': 192,
        'pos_start': 183,
        'score_id': 0.6927,
        'score_type': 0.9999,
        'text': 'infection',
      }),
    ]),
    'characters': 245,
    'text': 'The COVID-19 pandemic has shown a markedly low proportion of cases among children 1-4. Age disparities in observed cases could be explained by children having lower susceptibility to infection, lower propensity to show clinical symptoms or both.',
    'units_number': 1,
  })
# ---
