 Fermi distribution function

Calculation with static geometry


********************************************************************************
 iSCC Total electronic   Diff electronic      SCC error    
   13   -0.50787758E+01   -0.27382452E-09    0.45887515E-05
********************************************************************************

 Total charge:     0.00000000

 Atomic gross charges (e)
 Atom           Charge
    1      -0.17990394
    2      -0.18550244
    3       0.11056836
    4       0.11176881
    5       0.09862750
    6       0.10203036
    7      -0.05758864

Nr. of electrons (up):      7.00000000
Atom populations (up)
 Atom       Population
    1       2.02454462
    2       2.27935155
    3       0.44877318
    4       0.46798849
    5       0.44106086
    6       0.43860441
    7       0.89967689

l-shell populations (up)
 Atom Sh.   l       Population
    1   1   0       0.65513680
    1   2   1       1.36940782
    2   1   0       0.67280323
    2   2   1       1.60654831
    3   1   0       0.44877318
    4   1   0       0.46798849
    5   1   0       0.44106086
    6   1   0       0.43860441
    7   1   0       0.89967689

Orbital populations (up)
 Atom Sh.   l   m       Population  Label
    1   1   0   0       0.65513680  s
    1   2   1  -1       0.47328412  p_y
    1   2   1   0       0.46021290  p_z
    1   2   1   1       0.43591079  p_x
    2   1   0   0       0.67280323  s
    2   2   1  -1       0.49404024  p_y
    2   2   1   0       0.49085784  p_z
    2   2   1   1       0.62165023  p_x
    3   1   0   0       0.44877318  s
    4   1   0   0       0.46798849  s
    5   1   0   0       0.44106086  s
    6   1   0   0       0.43860441  s
    7   1   0   0       0.89967689  s

Nr. of electrons (down):      6.00000000
Atom populations (down)
 Atom       Population
    1       2.15535932
    2       1.90615089
    3       0.44065847
    4       0.42024270
    5       0.46031164
    6       0.45936523
    7       0.15791175

l-shell populations (down)
 Atom Sh.   l       Population
    1   1   0       0.66952183
    1   2   1       1.48583750
    2   1   0       0.65189205
    2   2   1       1.25425885
    3   1   0       0.44065847
    4   1   0       0.42024270
    5   1   0       0.46031164
    6   1   0       0.45936523
    7   1   0       0.15791175

Orbital populations (down)
 Atom Sh.   l   m       Population  Label
    1   1   0   0       0.66952183  s
    1   2   1  -1       0.47451443  p_y
    1   2   1   0       0.47461169  p_z
    1   2   1   1       0.53671137  p_x
    2   1   0   0       0.65189205  s
    2   2   1  -1       0.47312218  p_y
    2   2   1   0       0.46376971  p_z
    2   2   1   1       0.31736695  p_x
    3   1   0   0       0.44065847  s
    4   1   0   0       0.42024270  s
    5   1   0   0       0.46031164  s
    6   1   0   0       0.45936523  s
    7   1   0   0       0.15791175  s

Spin  up
Fermi level:                        -0.1457068789 H           -3.9649 eV
Band energy:                        -2.6234792995 H          -71.3885 eV
TS:                                  0.0000000000 H            0.0000 eV
Band free energy (E-TS):            -2.6234792995 H          -71.3885 eV
Extrapolated E(0K):                 -2.6234792995 H          -71.3885 eV
Input / Output electrons (up):      7.0000000000      7.0000000000

Spin  down
Fermi level:                        -0.2033826324 H           -5.5343 eV
Band energy:                        -2.3728161405 H          -64.5676 eV
TS:                                  0.0000000000 H            0.0000 eV
Band free energy (E-TS):            -2.3728161405 H          -64.5676 eV
Extrapolated E(0K):                 -2.3728161405 H          -64.5676 eV
Input / Output electrons (down):      6.0000000000      6.0000000000

Energy H0:                          -5.0599125117 H         -137.6872 eV
Energy SCC:                          0.0030863750 H            0.0840 eV
Energy SPIN:                        -0.0217402143 H           -0.5916 eV
Energy 3rd:                         -0.0002094146 H           -0.0057 eV
Total Electronic energy:            -5.0787757656 H         -138.2005 eV
Repulsive energy:                   -0.0487178715 H           -1.3257 eV
Total energy:                       -5.1274936371 H         -139.5262 eV
Extrapolated to 0:                  -5.1274936371 H         -139.5262 eV
Total Mermin free energy:           -5.1274936371 H         -139.5262 eV
Force related energy:               -5.1274936371 H         -139.5262 eV

SCC converged

Total Forces
    1     -0.067117516216     -0.014457560591     -0.090673787027
    2      0.027147682633      0.001893414132      0.085476823342
    3      0.023113427757      0.005242018217      0.004787153523
    4     -0.010350926838      0.007688266005      0.002310830690
    5      0.000386425372      0.000525650021     -0.000616985364
    6      0.000677312180     -0.000208741856     -0.000761640833
    7      0.026143595112     -0.000683045929     -0.000522394330

Maximal derivative component:        0.906738E-01 au

Dipole moment:   -0.29205377    0.14149399   -0.06163495 au
Dipole moment:   -0.74232669    0.35964188   -0.15666042 Debye


